#
# There is insufficient memory for the Java Runtime Environment to continue.
# Native memory allocation (mmap) failed to map 398458880 bytes for G1 virtual space
# Possible reasons:
#   The system is out of physical RAM or swap space
#   The process is running with CompressedOops enabled, and the Java Heap may be blocking the growth of the native heap
# Possible solutions:
#   Reduce memory load on the system
#   Increase physical memory or swap space
#   Check if swap backing store is full
#   Decrease Java heap size (-Xmx/-Xms)
#   Decrease number of Java threads
#   Decrease Java thread stack sizes (-Xss)
#   Set larger code cache with -XX:ReservedCodeCacheSize=
#   JVM is running with Zero Based Compressed Oops mode in which the Java heap is
#     placed in the first 32GB address space. The Java Heap base address is the
#     maximum limit for the native heap growth. Please use -XX:HeapBaseMinAddress
#     to set the Java Heap base and to place the Java Heap above 32GB virtual address.
# This output file may be truncated or incomplete.
#
#  Out of Memory Error (os_windows.cpp:3548), pid=40496, tid=39744
#
# JRE version:  (17.0.10+11) (build )
# Java VM: Java HotSpot(TM) 64-Bit Server VM (17.0.10+11-LTS-240, mixed mode, emulated-client, sharing, tiered, compressed oops, compressed class ptrs, g1 gc, windows-amd64)
# No core dump will be written. Minidumps are not enabled by default on client versions of Windows
#

---------------  S U M M A R Y ------------

Command Line: -XX:TieredStopAtLevel=1 -Dspring.output.ansi.enabled=always -Dcom.sun.management.jmxremote -Dspring.jmx.enabled=true -Dspring.liveBeansView.mbeanDomain -Dspring.application.admin.enabled=true -Dmanagement.endpoints.jmx.exposure.include=* -javaagent:D:\IntelliJ IDEA 2024.2.1\lib\idea_rt.jar=59462:D:\IntelliJ IDEA 2024.2.1\bin -Dfile.encoding=UTF-8 org.example.backend_pi.BackendPiApplication

Host: 13th Gen Intel(R) Core(TM) i7-13650HX, 20 cores, 23G,  Windows 11 , 64 bit Build 26100 (10.0.26100.8246)
Time: Sun Apr 26 14:36:07 2026 W. Central Africa Standard Time elapsed time: 0.019703 seconds (0d 0h 0m 0s)

---------------  T H R E A D  ---------------

Current thread (0x000002a267c14bf0):  JavaThread "Unknown thread" [_thread_in_vm, id=39744, stack(0x000000d32ca00000,0x000000d32cb00000)]

Stack: [0x000000d32ca00000,0x000000d32cb00000]
Native frames: (J=compiled Java code, j=interpreted, Vv=VM code, C=native code)
V  [jvm.dll+0x677a5a]
V  [jvm.dll+0x7d8b2d]
V  [jvm.dll+0x7da48e]
V  [jvm.dll+0x7daaf3]
V  [jvm.dll+0x2455ff]
V  [jvm.dll+0x6749b9]
V  [jvm.dll+0x669382]
V  [jvm.dll+0x302e96]
V  [jvm.dll+0x30a416]
V  [jvm.dll+0x359cbe]
V  [jvm.dll+0x359eef]
V  [jvm.dll+0x2d9e88]
V  [jvm.dll+0x2dadf4]
V  [jvm.dll+0x7aa551]
V  [jvm.dll+0x367911]
V  [jvm.dll+0x789639]
V  [jvm.dll+0x3eb30f]
V  [jvm.dll+0x3ecd91]
C  [jli.dll+0x5297]
C  [ucrtbase.dll+0x37b0]
C  [KERNEL32.DLL+0x2e8d7]
C  [ntdll.dll+0x8c3fc]


---------------  P R O C E S S  ---------------

Threads class SMR info:
_java_thread_list=0x00007ff9180a6a18, length=0, elements={
}

Java Threads: ( => current thread )

Other Threads:
  0x000002a267c9f8f0 GCTaskThread "GC Thread#0" [stack: 0x000000d32cb00000,0x000000d32cc00000] [id=35380]
  0x000002a267cac5d0 ConcurrentGCThread "G1 Main Marker" [stack: 0x000000d32cc00000,0x000000d32cd00000] [id=41448]
  0x000002a267cacfe0 ConcurrentGCThread "G1 Conc#0" [stack: 0x000000d32cd00000,0x000000d32ce00000] [id=35676]

[error occurred during error reporting (printing all threads), id 0xc0000005, EXCEPTION_ACCESS_VIOLATION (0xc0000005) at pc=0x00007ff9178daae7]

VM state: not at safepoint (not fully initialized)

VM Mutex/Monitor currently owned by a thread:  ([mutex/lock_event])
[0x000002a267c10e00] Heap_lock - owner thread: 0x000002a267c14bf0

Heap address: 0x0000000684c00000, size: 6068 MB, Compressed Oops mode: Zero based, Oop shift amount: 3

CDS archive(s) mapped at: [0x0000000000000000-0x0000000000000000-0x0000000000000000), size 0, SharedBaseAddress: 0x0000000800000000, ArchiveRelocationMode: 1.
Narrow klass base: 0x0000000000000000, Narrow klass shift: 0, Narrow klass range: 0x0

GC Precious Log:
<Empty>

Heap:
 garbage-first heap   total 0K, used 0K [0x0000000684c00000, 0x0000000800000000)
  region size 4096K, 0 young (0K), 0 survivors (0K)

[error occurred during error reporting (printing heap information), id 0xc0000005, EXCEPTION_ACCESS_VIOLATION (0xc0000005) at pc=0x00007ff917cc1249]

GC Heap History (0 events):
No events

Deoptimization events (0 events):
No events

Classes unloaded (0 events):
No events

Classes redefined (0 events):
No events

Internal exceptions (0 events):
No events

VM Operations (0 events):
No events

Events (1 events):
Event: 0.013 Loaded shared library C:\Program Files\Java\jdk-17\bin\java.dll


Dynamic libraries:
0x00007ff71bb40000 - 0x00007ff71bb50000 	C:\Program Files\Java\jdk-17\bin\java.exe
0x00007ffa12cc0000 - 0x00007ffa12f27000 	C:\Windows\SYSTEM32\ntdll.dll
0x00007ffa11910000 - 0x00007ffa119d9000 	C:\Windows\System32\KERNEL32.DLL
0x00007ffa0f8b0000 - 0x00007ffa0fca4000 	C:\Windows\System32\KERNELBASE.dll
0x00007ffa0fde0000 - 0x00007ffa0ff2b000 	C:\Windows\System32\ucrtbase.dll
0x00007ff9fb5c0000 - 0x00007ff9fb5d9000 	C:\Program Files\Java\jdk-17\bin\jli.dll
0x00007ff9e6ff0000 - 0x00007ff9e700b000 	C:\Program Files\Java\jdk-17\bin\VCRUNTIME140.dll
0x00007ffa12950000 - 0x00007ffa12a06000 	C:\Windows\System32\ADVAPI32.dll
0x00007ffa11430000 - 0x00007ffa114d9000 	C:\Windows\System32\msvcrt.dll
0x00007ffa10ab0000 - 0x00007ffa10b57000 	C:\Windows\System32\sechost.dll
0x00007ffa121b0000 - 0x00007ffa122c8000 	C:\Windows\System32\RPCRT4.dll
0x00007ffa122f0000 - 0x00007ffa124b5000 	C:\Windows\System32\USER32.dll
0x00007ffa0f590000 - 0x00007ffa0f5b7000 	C:\Windows\System32\win32u.dll
0x00007ffa10b60000 - 0x00007ffa10b8b000 	C:\Windows\System32\GDI32.dll
0x00007ff9f4060000 - 0x00007ff9f42f3000 	C:\Windows\WinSxS\amd64_microsoft.windows.common-controls_6595b64144ccf1df_6.0.26100.8115_none_3e075c82e3354f9c\COMCTL32.dll
0x00007ffa0fcb0000 - 0x00007ffa0fddb000 	C:\Windows\System32\gdi32full.dll
0x00007ffa0f680000 - 0x00007ffa0f723000 	C:\Windows\System32\msvcp_win.dll
0x00007ffa078f0000 - 0x00007ffa078fb000 	C:\Windows\SYSTEM32\VERSION.dll
0x00007ffa10bc0000 - 0x00007ffa10bf2000 	C:\Windows\System32\IMM32.DLL
0x00007ff9e4950000 - 0x00007ff9e495c000 	C:\Program Files\Java\jdk-17\bin\vcruntime140_1.dll
0x00007ff98f7b0000 - 0x00007ff98f83e000 	C:\Program Files\Java\jdk-17\bin\msvcp140.dll
0x00007ff9175f0000 - 0x00007ff9181cf000 	C:\Program Files\Java\jdk-17\bin\server\jvm.dll
0x00007ffa10c90000 - 0x00007ffa10c98000 	C:\Windows\System32\PSAPI.DLL
0x00007ff9e9360000 - 0x00007ff9e936a000 	C:\Windows\SYSTEM32\WSOCK32.dll
0x00007ffa12a10000 - 0x00007ffa12a90000 	C:\Windows\System32\WS2_32.dll
0x00007ffa0c9a0000 - 0x00007ffa0c9d6000 	C:\Windows\SYSTEM32\WINMM.dll
0x00007ffa0e400000 - 0x00007ffa0e41b000 	C:\Windows\SYSTEM32\kernel.appcore.dll
0x00007ff9e2c60000 - 0x00007ff9e2c6a000 	C:\Program Files\Java\jdk-17\bin\jimage.dll
0x00007ffa0d3c0000 - 0x00007ffa0d602000 	C:\Windows\SYSTEM32\DBGHELP.DLL
0x00007ffa10e00000 - 0x00007ffa11182000 	C:\Windows\System32\combase.dll
0x00007ffa11350000 - 0x00007ffa11428000 	C:\Windows\System32\OLEAUT32.dll
0x00007ff9eefb0000 - 0x00007ff9eefeb000 	C:\Windows\SYSTEM32\dbgcore.DLL
0x00007ffa109a0000 - 0x00007ffa10a45000 	C:\Windows\System32\bcryptPrimitives.dll
0x00007ff9e2c50000 - 0x00007ff9e2c5e000 	C:\Program Files\Java\jdk-17\bin\instrument.dll
0x00007ff9c3510000 - 0x00007ff9c3535000 	C:\Program Files\Java\jdk-17\bin\java.dll

dbghelp: loaded successfully - version: 4.0.5 - missing functions: none
symbol engine: initialized successfully - sym options: 0x614 - pdb path: .;C:\Program Files\Java\jdk-17\bin;C:\Windows\SYSTEM32;C:\Windows\WinSxS\amd64_microsoft.windows.common-controls_6595b64144ccf1df_6.0.26100.8115_none_3e075c82e3354f9c;C:\Program Files\Java\jdk-17\bin\server

VM Arguments:
jvm_args: -XX:TieredStopAtLevel=1 -Dspring.output.ansi.enabled=always -Dcom.sun.management.jmxremote -Dspring.jmx.enabled=true -Dspring.liveBeansView.mbeanDomain -Dspring.application.admin.enabled=true -Dmanagement.endpoints.jmx.exposure.include=* -javaagent:D:\IntelliJ IDEA 2024.2.1\lib\idea_rt.jar=59462:D:\IntelliJ IDEA 2024.2.1\bin -Dfile.encoding=UTF-8 
java_command: org.example.backend_pi.BackendPiApplication
java_class_path (initial): D:\projet_cloud\Backend_pi\target\classes;C:\Users\Eya\.m2\repository\org\springframework\cloud\spring-cloud-starter-netflix-eureka-client\5.0.1\spring-cloud-starter-netflix-eureka-client-5.0.1.jar;C:\Users\Eya\.m2\repository\org\springframework\cloud\spring-cloud-starter\5.0.1\spring-cloud-starter-5.0.1.jar;C:\Users\Eya\.m2\repository\org\springframework\cloud\spring-cloud-context\5.0.1\spring-cloud-context-5.0.1.jar;C:\Users\Eya\.m2\repository\org\springframework\boot\spring-boot-restclient\4.0.5\spring-boot-restclient-4.0.5.jar;C:\Users\Eya\.m2\repository\org\springframework\boot\spring-boot-http-client\4.0.5\spring-boot-http-client-4.0.5.jar;C:\Users\Eya\.m2\repository\org\springframework\security\spring-security-crypto\7.0.4\spring-security-crypto-7.0.4.jar;C:\Users\Eya\.m2\repository\org\springframework\cloud\spring-cloud-commons\5.0.1\spring-cloud-commons-5.0.1.jar;C:\Users\Eya\.m2\repository\org\bouncycastle\bcprov-jdk18on\1.81\bcprov-jdk18on-1.81.jar;C:\Users\Eya\.m2\repository\org\springframework\cloud\spring-cloud-netflix-eureka-client\5.0.1\spring-cloud-netflix-eureka-client-5.0.1.jar;C:\Users\Eya\.m2\repository\org\springframework\boot\spring-boot-jackson2\4.0.5\spring-boot-jackson2-4.0.5.jar;C:\Users\Eya\.m2\repository\com\fasterxml\jackson\datatype\jackson-datatype-jdk8\2.21.2\jackson-datatype-jdk8-2.21.2.jar;C:\Users\Eya\.m2\repository\com\fasterxml\jackson\datatype\jackson-datatype-jsr310\2.21.2\jackson-datatype-jsr310-2.21.2.jar;C:\Users\Eya\.m2\repository\com\fasterxml\jackson\module\jackson-module-parameter-names\2.21.2\jackson-module-parameter-names-2.21.2.jar;C:\Users\Eya\.m2\repository\org\apache\httpcomponents\client5\httpclient5\5.5.2\httpclient5-5.5.2.jar;C:\Users\Eya\.m2\repository\org\apache\httpcomponents\core5\httpcore5\5.3.6\httpcore5-5.3.6.jar;C:\Users\Eya\.m2\repository\org\apache\httpcomponents\core5\httpcore5-h2\5.3.6\httpcore5-h2-5.3.6.jar;C:\Users\Eya\.m2\repository\com\netflix\eureka\eureka-client\2.
Launcher Type: SUN_STANDARD

[Global flags]
     intx CICompilerCount                          = 12                                        {product} {ergonomic}
     uint ConcGCThreads                            = 4                                         {product} {ergonomic}
     uint G1ConcRefinementThreads                  = 15                                        {product} {ergonomic}
   size_t G1HeapRegionSize                         = 4194304                                   {product} {ergonomic}
    uintx GCDrainStackTargetSize                   = 64                                        {product} {ergonomic}
   size_t InitialHeapSize                          = 398458880                                 {product} {ergonomic}
     bool ManagementServer                         = true                                      {product} {command line}
   size_t MarkStackSize                            = 4194304                                   {product} {ergonomic}
   size_t MaxHeapSize                              = 6362759168                                {product} {ergonomic}
   size_t MinHeapDeltaBytes                        = 4194304                                   {product} {ergonomic}
   size_t MinHeapSize                              = 8388608                                   {product} {ergonomic}
    uintx NonProfiledCodeHeapSize                  = 0                                      {pd product} {ergonomic}
     bool ProfileInterpreter                       = false                                  {pd product} {command line}
    uintx ProfiledCodeHeapSize                     = 0                                      {pd product} {ergonomic}
   size_t SoftMaxHeapSize                          = 6362759168                             {manageable} {ergonomic}
     intx TieredStopAtLevel                        = 1                                         {product} {command line}
     bool UseCompressedClassPointers               = true                           {product lp64_product} {ergonomic}
     bool UseCompressedOops                        = true                           {product lp64_product} {ergonomic}
     bool UseG1GC                                  = true                                      {product} {ergonomic}
     bool UseLargePagesIndividualAllocation        = false                                  {pd product} {ergonomic}

Logging:
Log output configuration:
 #0: stdout all=warning uptime,level,tags
 #1: stderr all=off uptime,level,tags

Environment Variables:
PATH=C:\Program Files\Microsoft SDKs\Azure\CLI2\wbin;C:\Program Files\Common Files\Oracle\Java\javapath;C:\oraclexe\app\oracle\product\11.2.0\server\bin;C:\Program Files (x86)\VMware\VMware Workstation\bin\;C:\Windows\system32;C:\Windows;C:\Windows\System32\Wbem;C:\Windows\System32\WindowsPowerShell\v1.0\;C:\Windows\System32\OpenSSH\;C:\Program Files\dotnet\;C:\Program Files (x86)\NVIDIA Corporation\PhysX\Common;C:\Program Files\NVIDIA Corporation\NVIDIA NvDLISR;C:\ProgramData\ComposerSetup\bin;C:\Program Files\Git\cmd;C:\Program Files (x86)\CodeBlocks\MinGW\bin;C:\Program Files (x86)\GnuWin32\bin;C:\Program Files\Microsoft SQL Server\150\Tools\Binn\;C:\Program Files\Microsoft SQL Server\Client SDK\ODBC\170\Tools\Binn\;C:\Maven\apache-maven-3.9.12\bin;C:\Program Files\nodejs\;C:\Users\Eya\AppData\Local\Programs\Python\Python312\Scripts\;C:\Users\Eya\AppData\Local\Programs\Python\Python312\;C:\Users\Eya\AppData\Local\Programs\Python\Python314\Scripts\;C:\Users\Eya\AppData\Local\Programs\Python\Python314\;C:\Users\Eya\AppData\Local\Programs\Python\Launcher\;C:\Users\Eya\AppData\Local\Microsoft\WindowsApps;C:\Users\Eya\AppData\Local\Programs\Microsoft VS Code\bin;C:\Users\Eya\.dotnet\tools;C:\Users\Eya\AppData\Roaming\npm;C:\Terraform;
USERNAME=Eya
OS=Windows_NT
PROCESSOR_IDENTIFIER=Intel64 Family 6 Model 183 Stepping 1, GenuineIntel



---------------  S Y S T E M  ---------------

OS:
 Windows 11 , 64 bit Build 26100 (10.0.26100.8246)
OS uptime: 2 days 0:33 hours
Hyper-V role detected

CPU: total 20 (initial active 20) (10 cores per cpu, 2 threads per core) family 6 model 183 stepping 1 microcode 0x133, cx8, cmov, fxsr, ht, mmx, 3dnowpref, sse, sse2, sse3, ssse3, sse4.1, sse4.2, popcnt, lzcnt, tsc, tscinvbit, avx, avx2, aes, erms, clmul, bmi1, bmi2, adx, sha, fma, vzeroupper, clflush, clflushopt, clwb, hv

Memory: 4k page, system-wide physical 24260M (3237M free)
TotalPageFile size 35816M (AvailPageFile size 332M)
current process WorkingSet (physical memory assigned to process): 13M, peak: 13M
current process commit charge ("private bytes"): 70M, peak: 450M

vm_info: Java HotSpot(TM) 64-Bit Server VM (17.0.10+11-LTS-240) for windows-amd64 JRE (17.0.10+11-LTS-240), built on Dec 19 2023 21:47:25 by "mach5one" with MS VC++ 17.1 (VS2022)

END.
